C251 COMPILER V5.60.0,  zf_driver_encoder                                                  13/01/26  21:31:31  PAGE 1   


C251 COMPILER V5.60.0, COMPILATION OF MODULE zf_driver_encoder
OBJECT MODULE PLACED IN .\out_file\zf_driver_encoder.obj
COMPILER INVOKED BY: D:\Keil5\C251\BIN\C251.EXE ..\..\libraries\zf_driver\zf_driver_encoder.c LARGE FLOAT64 ROM(HUGE) WA
                    -RNINGLEVEL(3) OPTIMIZE(0,SIZE) BROWSE INCDIR(..\..\libraries\zf_common;..\..\libraries\zf_components;..\..\libraries\zf_
                    -device;..\..\libraries\zf_driver;..\user;..\code;..\..\libraries\zf_components\stc32g_usb_lib;..\..\libraries\zf_compone
                    -nts\seekfree_assistant) DEBUG PRINT(.\out_file\zf_driver_encoder.lst) OBJECT(.\out_file\zf_driver_encoder.obj) 

stmt  level    source

    1          /********************************************************************************************************
             -*************
    2          * STC32G Opensourec Library 即（STC32G 开源库）是一个基于官方 SDK 接口的第三方开源库
    3          * Copyright (c) 2025 SEEKFREE 逐飞科技
    4          *
    5          * 本文件是STC32G144K开源库的一部分
    6          *
    7          * STC32G 开源库 是免费软件
    8          * 您可以根据自由软件基金会发布的 GPL（GNU General Public License，即 GNU通用公共许可证）的条款
    9          * 即 GPL 的第3版（即 GPL3.0）或（您选择的）任何后来的版本，重新发布和/或修改它
   10          *
   11          * 本开源库的发布是希望它能发挥作用，但并未对其作任何的保证
   12          * 甚至没有隐含的适销性或适合特定用途的保证
   13          * 更多细节请参见 GPL
   14          *
   15          * 您应该在收到本开源库的同时收到一份 GPL 的副本
   16          * 如果没有，请参阅<https://www.gnu.org/licenses/>
   17          *
   18          * 额外注明：
   19          * 本开源库使用 GPL3.0 开源许可证协议 以上许可申明为译文版本
   20          * 许可申明英文版在 libraries/doc 文件夹下的 GPL3_permission_statement.txt 文件中
   21          * 许可证副本在 libraries 文件夹下 即该文件夹下的 LICENSE 文件
   22          * 欢迎各位使用并传播本程序 但修改内容时必须保留逐飞科技的版权声明（即本声明）
   23          *
   24          * 文件名称
   25          * 公司名称          成都逐飞科技有限公司
   26          * 版本信息          查看 libraries/doc 文件夹内 version 文件 版本说明
   27          * 开发环境          MDK FOR C251
   28          * 适用平台          STC32G144K
   29          * 店铺链接          https://seekfree.taobao.com/
   30          *
   31          * 修改记录
   32          * 日期              作者           备注
   33          * 2024-08-01        大W            first version
   34          * 2025-07-16        优化           代码可读性、运算效率及健壮性优化
   35          *********************************************************************************************************
             -***********/
   36          
   37          #include "zf_common_clock.h"
   38          #include "zf_common_debug.h"
   39          
   40          #include "zf_driver_encoder.h"
   41          #include "zf_common_debug.h"
   42          
   43          static volatile uint8 encoder_dir_pin[14] = 
   44          { 
   45              0xFF, 0xFF, 0xFF, 0xFF, 0xFF, 
   46              0xFF, 0xFF, 0xFF, 0xFF, 0xFF, 
   47              0xFF, 0xFF, 0xFF, 0xFF, 
   48          };
   49          
   50          //-------------------------------------------------------------------------------------------------------
             -------------
   51          // 函数简介     定时器编码器解码取值
   52          // 参数说明     timer_ch      定时器枚举体
   53          // 返回参数     void
C251 COMPILER V5.60.0,  zf_driver_encoder                                                  13/01/26  21:31:31  PAGE 2   

   54          // 备注信息
   55          // 使用示例    encoder_get_count(TIM2_ENCODER)  // 获取定时器2的采集到的编码器数据
   56          //-------------------------------------------------------------------------------------------------------
             -------------
   57          int16 encoder_get_count(encoder_index_enum encoder_n)
   58          {
   59   1          int16 ret = 0;
   60   1          if(encoder_n >= TIM0_ENCODER)
   61   1          {
   62   2              switch(encoder_n)
   63   2              {
   64   3                  case TIM0_ENCODER: ret = (uint16)TH0 << 8; ret |= TL0; break;
   65   3                  case TIM1_ENCODER: ret = (uint16)TH1 << 8; ret |= TL1; break;
   66   3                  case TIM2_ENCODER: ret = (uint16)T2H << 8; ret |= T2L; break;
   67   3                  case TIM3_ENCODER: ret = (uint16)T3H << 8; ret |= T3L; break;
   68   3                  case TIM4_ENCODER: ret = (uint16)T4H << 8; ret |= T4L; break;
   69   3                  case TIM5_ENCODER: ret = (uint16)T5H << 8; ret |= T5L; break;
   70   3                  case TIM6_ENCODER: ret = (uint16)T6H << 8; ret |= T6L; break;
   71   3                  case TIM7_ENCODER: ret = (uint16)T7H << 8; ret |= T7L; break;
   72   3                  case TIM8_ENCODER: ret = (uint16)T8H << 8; ret |= T8L; break;
   73   3                  case TIM9_ENCODER: ret = (uint16)T9H << 8; ret |= T9L; break;
   74   3                  case TIM10_ENCODER: ret = (uint16)T10H << 8; ret |= T10L; break;
   75   3                  case TIM11_ENCODER: ret = (uint16)T11H << 8; ret |= T11L; break;
   76   3                  case TIM17_ENCODER: ret = (uint16)T17H << 8; ret |= T17L; break;
   77   3                  case TIM18_ENCODER: ret = (uint16)T18H << 8; ret |= T18L; break;
   78   3                  default: zf_assert(0); break;            
   79   3              }
   80   2              if(gpio_get_level(encoder_dir_pin[encoder_n & 0x0F]) == 0)
   81   2              {
   82   3                  ret = -ret;
   83   3              }
   84   2          }
   85   1          else
   86   1          {
   87   2              ret = ((*(vuint8 far *)(PWMX_CNTR_ADDR[encoder_n])) << 8) | ((*(vuint8 far *)(PWMX_CNTR_ADDR[enco
             -der_n] + 1)));
   88   2          }
   89   1      
   90   1          return  ret;
   91   1      }
   92          
   93          //-------------------------------------------------------------------------------------------------------
             -------------
   94          // 函数简介     定时器的计数器清空
   95          // 参数说明     timer_ch      定时器枚举体
   96          // 返回参数     void
   97          // 备注信息
   98          // 使用示例    encoder_clear_count(TIM1_ENCODER)  //清除定时器1采集到的编码器数据
   99          //-------------------------------------------------------------------------------------------------------
             -------------
  100          void encoder_clear_count(encoder_index_enum encoder_n)
  101          {
  102   1          if(encoder_n >= TIM0_ENCODER)
  103   1          {
  104   2              switch(encoder_n)
  105   2              {
  106   3                  case TIM0_ENCODER:  TR0 = 0; TH0 = 0; TL0 = 0; TR0 = 1; break;
  107   3                  case TIM1_ENCODER:  TR1 = 0; TH1 = 0; TL1 = 0; TR1 = 1; break;
  108   3                  case TIM2_ENCODER:  AUXR    &= ~(1 << 4); T2H = 0;  T2L = 0;  AUXR    |= (1 << 4); break;
  109   3                  case TIM3_ENCODER:  T4T3M   &= ~(1 << 3); T3H = 0;  T3L = 0;  T4T3M   |= (1 << 3); break;
  110   3                  case TIM4_ENCODER:  T4T3M   &= ~(1 << 7); T4H = 0;  T4L = 0;  T4T3M   |= (1 << 7); break;
  111   3                  case TIM5_ENCODER:  T6T5M   &= ~(1 << 3); T5H = 0;  T5L = 0;  T6T5M   |= (1 << 3); break;
  112   3                  case TIM6_ENCODER:  T6T5M   &= ~(1 << 7); T6H = 0;  T6L = 0;  T6T5M   |= (1 << 3); break;
  113   3                  case TIM7_ENCODER:  T8T7M   &= ~(1 << 3); T7H = 0;  T7L = 0;  T8T7M   |= (1 << 3); break;
  114   3                  case TIM8_ENCODER:  T8T7M   &= ~(1 << 7); T8H = 0;  T8L = 0;  T8T7M   |= (1 << 3); break;
  115   3                  case TIM9_ENCODER:  T10T9M  &= ~(1 << 3); T9H = 0;  T9L = 0;  T10T9M  |= (1 << 3); break;
C251 COMPILER V5.60.0,  zf_driver_encoder                                                  13/01/26  21:31:31  PAGE 3   

  116   3                  case TIM10_ENCODER: T10T9M  &= ~(1 << 7); T10H = 0; T10L = 0; T10T9M  |= (1 << 3); break;
  117   3                  case TIM11_ENCODER: T11CR   &= ~(1 << 7); T11H = 0; T11L = 0; T11CR   |= (1 << 7); break;
  118   3                  case TIM17_ENCODER: T18T17M &= ~(1 << 3); T17H = 0; T17L = 0; T18T17M |= (1 << 3); break;
  119   3                  case TIM18_ENCODER: T18T17M &= ~(1 << 7); T18H = 0; T18L = 0; T18T17M |= (1 << 7); break;
  120   3                  default: zf_assert(0); break;            
  121   3              }                          
  122   2          }
  123   1          else
  124   1          {
  125   2              (*(vuint8 far *)(PWMX_CNTR_ADDR[encoder_n])) = 0;
  126   2              (*(vuint8 far *)(PWMX_CNTR_ADDR[encoder_n] + 1)) = 0;
  127   2          }
  128   1      }
  129          
  130          
  131          //-------------------------------------------------------------------------------------------------------
             -------------
  132          // 函数简介     定时器编码器解码初始化
  133          // 参数说明     encoder_n        PWM通道
  134          // 参数说明     ch1_pin          通道A以及引脚
  135          // 参数说明     ch2_pin          通道B以及引脚
  136          // 返回参数     void
  137          // 备注信息     
  138          // 使用示例     内部使用，用户无需关心
  139          // 备注信息     仅支持正交编码器
  140          //-------------------------------------------------------------------------------------------------------
             -------------
  141          static void tim_encoder_dir_init(encoder_index_enum encoder_n, gpio_pin_enum dir_pin, encoder_channel_enu
             -m lsb_pin)
  142          {
  143   1          // 如果程序在输出了断言信息 并且提示出错位置在这里
  144   1          // 就去查看你在什么地方调用这个函数 检查你的传入参数
  145   1          // 这里是检查是否有重复使用定时器
  146   1              // TIM2已经给串口用作波特率发生器了。不能再初始化为其他的。
  147   1              zf_assert(timer_funciton_check(encoder_n & 0xFF, TIMER_FUNCTION_ENCODER));
  148   1      
  149   1          // 传入的引脚错误
  150   1          zf_assert(((uint16)lsb_pin >> 13) == 6);
  151   1          gpio_init(dir_pin & 0xFF, GPI, 0, GPI_PULL_UP);
  152   1          gpio_init(lsb_pin & 0xFF, GPI, 0, GPI_PULL_UP);
  153   1          encoder_dir_pin[encoder_n & 0x0F] = (uint8)dir_pin;
  154   1          switch(encoder_n)
  155   1          {
  156   2              case TIM0_ENCODER:  TL0=0;  TH0=0;  TMOD|=0x04; TR0=1; break;
  157   2              case TIM1_ENCODER:  TL1=0;  TH1=0;  TMOD|=0x40; TR1=1; break;
  158   2              case TIM2_ENCODER:  T2L=0;  T2H=0;  AUXR|=0x18; break;
  159   2              case TIM3_ENCODER:  T3L=0;  T3H=0;  T4T3M|=0x0c; break;
  160   2              case TIM4_ENCODER:  T4L=0;  T4H=0;  T4T3M|=0xc0; break;
  161   2              case TIM5_ENCODER:  T5L=0;  T5H=0;  T6T5M|=0x0c; break;
  162   2              case TIM6_ENCODER:  T6L=0;  T6H=0;  T6T5M|=0xc0; break;
  163   2              case TIM7_ENCODER:  T7L=0;  T7H=0;  T8T7M|=0x0c; break;
  164   2              case TIM8_ENCODER:  T8L=0;  T8H=0;  T8T7M|=0xc0; break;
  165   2              case TIM9_ENCODER:  T9L=0;  T9H=0;  T10T9M|=0x0c; break;
  166   2              case TIM10_ENCODER: T10L=0; T10H=0; T10T9M|=0xc0; break;
  167   2              case TIM11_ENCODER: T11L=0; T11H=0; T11CR|=0xc0; break;
  168   2              case TIM17_ENCODER: T17L=0; T17H=0; T18T17M|=0x0c; break;
  169   2              case TIM18_ENCODER: T18L=0; T18H=0; T18T17M|=0xc0; break;
  170   2              default: zf_assert(0); break;            
  171   2          
  172   2          }
  173   1      }
  174          //-------------------------------------------------------------------------------------------------------
             -------------
  175          // 函数简介     PWM编码器解码初始化
  176          // 参数说明     encoder_n        PWM通道
  177          // 参数说明     ch1_pin          通道A以及引脚
C251 COMPILER V5.60.0,  zf_driver_encoder                                                  13/01/26  21:31:31  PAGE 4   

  178          // 参数说明     ch2_pin          通道B以及引脚
  179          // 返回参数     void
  180          // 使用示例     内部使用，用户无需关心
  181          // 备注信息     支持带方向编码器和正交编码器              
  182          //-------------------------------------------------------------------------------------------------------
             -------------
  183          static void pwm_encoder_dir_init(encoder_index_enum encoder_n, encoder_channel_enum ch1_pin, encoder_chan
             -nel_enum ch2_pin)
  184          {
  185   1          encoder_quad_init(encoder_n, ch1_pin, ch2_pin);
  186   1      }
  187          
  188          
  189          //-------------------------------------------------------------------------------------------------------
             -------------
  190          // 函数简介     正交编码器解码初始化
  191          // 参数说明     timer_ch      定时器枚举体
  192          // 参数说明     phaseA      通道A以及引脚
  193          // 参数说明     phaseB      通道B以及引脚
  194          // 返回参数     void
  195          // 使用示例             encoder_init_dir(PWMA_ENCODER, PWMA_ENCODER_CH1P_P60, PWMA_ENCODER_CH2P_P62)
  196          //                      // 使用PWMA 做正交解码使用， 通道1脉冲信号引脚P60，通道2脉冲信号引脚P62
  197          // 备注信息                                
  198          //-------------------------------------------------------------------------------------------------------
             -------------
  199          void encoder_quad_init(encoder_index_enum encoder_n, encoder_channel_enum ch1_pin, encoder_channel_enum c
             -h2_pin)
  200          {
  201   1          // 如果程序在输出了断言信息 并且提示出错位置在这里
  202   1          // 就去查看你在什么地方调用这个函数 检查你的传入参数
  203   1          zf_assert(((uint16)ch1_pin >> 13) == ((uint8)encoder_n));              // ch1_pin 与 ch2_pin 必须与 e
             -ncoder_n 匹配
  204   1          zf_assert(((uint16)ch2_pin >> 13) == ((uint8)encoder_n));              // ch1_pin 与 ch2_pin 必须与 e
             -ncoder_n 匹配
  205   1      
  206   1      
  207   1          gpio_init(ch1_pin  & 0xFF, GPI, 1, GPI_IMPEDANCE);              // 初始化引脚
  208   1          gpio_init(ch2_pin  & 0xFF, GPI, 1, GPI_IMPEDANCE);              // 初始化引脚
  209   1      
  210   1          PWMX_PS(ch1_pin)  |= ((ch1_pin >> 8) & 0x03) << (((ch1_pin >> 11) & 0x03) * 2);                             // 选择引脚
  211   1          PWMX_PS(ch2_pin)  |= ((ch2_pin >> 8) & 0x03) << (((ch2_pin >> 11) & 0x03) * 2);                             // 选择引脚
  212   1      
  213   1          PWMX_ARRH(ch1_pin) = 0xFF;      // 周期寄存器
  214   1          PWMX_ARRL(ch1_pin) = 0xFF;      // 周期寄存器
  215   1      
  216   1          PWMX_PSCRH(ch1_pin) = 0;        // 分频寄存器
  217   1          PWMX_PSCRL(ch1_pin) = 1;        // 分频寄存器
  218   1      
  219   1          PWMX_SMCR(ch1_pin) = 0x02;          // 010:编码器模式2-根据TI2 的电平，计数器在TI1 的边沿向上/向下计数
  220   1      
  221   1          PWMX_CCERX(ch1_pin) = 0x00;     // 关闭所有输出
  222   1          PWMX_CCERX(ch2_pin) = 0x00;     // 关闭所有输出
  223   1          PWMX_CCMRX(ch1_pin) |= 0x01;        // 01:CC2 通道被配置为输入，IC2 映射在TI2 上
  224   1          PWMX_CCMRX(ch2_pin) |= 0x01;    // 01:CC1 通道被配置为输入，IC1 映射在TI1 上
  225   1          PWMX_CR1(ch1_pin)   |= 0x01;        // 开启定时器，向上计数
  226   1      
  227   1      
  228   1      
  229   1          // PWMA_PS |= 0x02;         // 选择引脚
  230   1          // PWMA_PS |= 0x02 << 2;    // 选择引脚
  231   1          // PWMA_PSCRH = 0;         // 分频寄存器
  232   1          // PWMA_PSCRL = 1;         // 分频寄存器
  233   1          // PWMA_CR1 = 0;           // 控制寄存器
  234   1          // PWMA_CR2 = 0;            // 控制寄存器
  235   1          // PWMA_SR1 = 0;           // 状态寄存器
  236   1          // PWMA_SR2 = 0;            // 状态寄存器
C251 COMPILER V5.60.0,  zf_driver_encoder                                                  13/01/26  21:31:31  PAGE 5   

  237   1          // PWMA_ARRH = 0xFF;            // 设置自动重装载值
  238   1          // PWMA_ARRL = 0xFF;            // 设置自动重装载值
  239   1          // PWMA_SMCR = 0x02;                // 010:编码器模式2-根据TI2 的电平，计数器在TI1 的边沿向上/向下计数
  240   1          // PWMA_CCER1 = 0x00;      // 关闭所有输出
  241   1          // PWMA_CCER2 = 0x00;      // 关闭所有输出
  242   1          // PWMA_CCMR1 = 0x01;           // 01:CC2 通道被配置为输入，IC2 映射在TI2 上
  243   1          // PWMA_CCMR2 = 0x01;      // 01:CC1 通道被配置为输入，IC1 映射在TI1 上
  244   1          // PWMA_CR1 |= 0x01;                // 开启定时器，向上计数
  245   1            
  246   1      }
  247          
  248          //-------------------------------------------------------------------------------------------------------
             -------------
  249          // 函数简介     带方向编码器初始化
  250          // 参数说明     timer_ch        定时器枚举体
  251          // 参数说明     phaseA          通道A以及引脚
  252          // 参数说明     phaseB          通道B以及引脚
  253          // 返回参数     void
  254          // 备注信息   
  255          // 使用示例     encoder_init_dir(PWMA_ENCODER, PWMA_ENCODER_CH1P_P60, PWMA_ENCODER_CH2P_P62)
  256          //             // 使用PWMA 做正交解码使用， 通道1方向信号引脚P60，通道2脉冲信号引脚P62
  257          //             encoder_init_dir(TIM17_ENCODER, IO_P45, TIM17_ENCODER_CH1_P80)
  258          //             // 使用TIM17_ENCODER 做正交解码使用， 通道1方向信号引脚P45，通道2脉冲信号引脚P80
  259          //-------------------------------------------------------------------------------------------------------
             -------------
  260          void encoder_dir_init(uint16 encoder_n, uint16 dir_pin, uint16 lsb_pin)
  261          {
  262   1          if(encoder_n >= TIM0_ENCODER)
  263   1          {
  264   2              // 传入的引脚错误
  265   2              zf_assert(!((uint16)dir_pin & 0xFF00));
  266   2              tim_encoder_dir_init((encoder_index_enum)encoder_n, (gpio_pin_enum)dir_pin, (encoder_channel_enum
             -)lsb_pin);
  267   2          }
  268   1          else
  269   1          {
  270   2              pwm_encoder_dir_init((encoder_index_enum)encoder_n, (encoder_channel_enum)dir_pin, (encoder_chann
             -el_enum)lsb_pin);
  271   2          }
  272   1      }


Module Information          Static   Overlayable
------------------------------------------------
  code size            =    ------     ------
  ecode size           =      3613     ------
  data size            =    ------     ------
  idata size           =    ------     ------
  pdata size           =    ------     ------
  xdata size           =        44     ------
  xdata-const size     =    ------     ------
  edata size           =    ------     ------
  bit size             =    ------     ------
  ebit size            =    ------     ------
  bitaddressable size  =    ------     ------
  ebitaddressable size =    ------     ------
  far data size        =    ------     ------
  huge data size       =    ------     ------
  const size           =    ------     ------
  hconst size          =        65     ------
End of Module Information.


C251 COMPILATION COMPLETE.  0 WARNING(S),  0 ERROR(S)
